=== Open Duck Mini sim-to-real diagnostic ===
SAFETY: this test moves hardware.
SAFETY: robot must be supported; do not run standing free.
SAFETY: keep fingers clear of joints and linkage.
SAFETY: movement amplitudes are small by default.
/home/sunrise/duck_env/lib/python3.10/site-packages/pygame/pkgdata.py:25: UserWarning: pkg_resources is deprecated as an API. See https://setuptools.pypa.io/en/latest/pkg_resources.html. The pkg_resources package is slated for removal as early as 2025-11-30. Refrain from using this package or pin to Setuptools<81.
  from pkg_resources import resource_stream, resource_exists
d_coefficient: [0, 0, 0, 0, 0, 0, 0, 0, 0, 0, 0, 0, 0, 0]
d_coefficient: [0, 0, 0, 0, 0, 0, 0, 0, 0, 0, 0, 0, 0, 0]
d_coefficient: [0, 0, 0, 0, 0, 0, 0, 0, 0, 0, 0, 0, 0, 0]
[platform_compat] 检测到平台: RDK_X5, I2C 总线: 5
pygame 2.6.0 (SDL 2.28.4, Python 3.10.12)
Hello from the pygame community. https://www.pygame.org/contribute.html
turn on : low KPS set
turn on : init pos set
turn on : high kps
[I2CCompat] 使用 smbus2, 总线: /dev/i2c-5
imu_calib_data.pkl not found
Imu is running uncalibrated
[FeetContacts] 警告: Hobot.GPIO 不支持内部上拉电阻，请确保外部已连接上拉电阻
[FeetContacts] RDK X5: GPIO BCM 22, 27
[Poly ref data] Processing ...
[Poly ref data] Done processing
telemetry: /home/sunrise/duck_logs/rate165_hard_vector_x0.jsonl
Policy replay initialized paused; telemetry file is open.
Press Enter to unpause and start replay, or Ctrl+C to abort.Starting
Max runtime reached
TURNING OFF
