TAIL_COMMAND=["git", "clone", "-q", "https://github.com/apirrone/Open_Duck_Playground.git", "/content/ground_up_tracking_tail_playground"]
TAIL_COMMAND=["git", "checkout", "-q", "b9be205ac64488c23504ca42e5ec790337adeec3"]
TAIL_COMMAND=["git", "apply", "--check", "/content/ground_up_search_runner.patch"]
TAIL_COMMAND=["git", "apply", "/content/ground_up_search_runner.patch"]
TAIL_COMMAND=["git", "apply", "--check", "/content/ground_up_reference_conditioned.patch"]
TAIL_COMMAND=["git", "apply", "/content/ground_up_reference_conditioned.patch"]
TAIL_COMMAND=["git", "apply", "--check", "/content/ground_up_recipe_search.patch"]
TAIL_COMMAND=["git", "apply", "/content/ground_up_recipe_search.patch"]
TAIL_COMMAND=["git", "apply", "--check", "/content/ground_up_stage1_mechanism_stack.patch"]
TAIL_COMMAND=["git", "apply", "/content/ground_up_stage1_mechanism_stack.patch"]
TAIL_COMMAND=["git", "apply", "--check", "/content/ground_up_nominal_reference_bootstrap.patch"]
TAIL_COMMAND=["git", "apply", "/content/ground_up_nominal_reference_bootstrap.patch"]
TAIL_COMMAND=["git", "apply", "--check", "/content/ground_up_signed_progress_objective.patch"]
TAIL_COMMAND=["git", "apply", "/content/ground_up_signed_progress_objective.patch"]
TAIL_COMMAND=["git", "apply", "--check", "/content/ground_up_reference_residual_actor.patch"]
TAIL_COMMAND=["git", "apply", "/content/ground_up_reference_residual_actor.patch"]
TAIL_COMMAND=["git", "apply", "--check", "/content/ground_up_hard_vector_command_support.patch"]
TAIL_COMMAND=["git", "apply", "/content/ground_up_hard_vector_command_support.patch"]
TAIL_COMMAND=["git", "apply", "--check", "/content/ground_up_measured_actuator_bridge.patch"]
TAIL_COMMAND=["git", "apply", "/content/ground_up_measured_actuator_bridge.patch"]
TAIL_COMMAND=["git", "apply", "--check", "/content/ground_up_applied_target_observation.patch"]
TAIL_COMMAND=["git", "apply", "/content/ground_up_applied_target_observation.patch"]
TAIL_COMMAND=["git", "apply", "--check", "/content/ground_up_tracking_tail_exceedance.patch"]
TAIL_COMMAND=["git", "apply", "/content/ground_up_tracking_tail_exceedance.patch"]
TAIL_COMMAND=["git", "diff", "--check"]
TAIL_COMMAND=["/usr/bin/python3", "-m", "py_compile", "playground/common/runner.py", "playground/common/reference_residual_ppo_networks.py", "playground/open_duck_mini_v2/joystick.py", "playground/open_duck_mini_v2/runner.py"]
TAIL_COMMAND=["/usr/bin/python3", "-m", "pip", "install", "-q", "-U", "pip"]
TAIL_COMMAND=["/usr/bin/python3", "-m", "pip", "install", "-q", "jax[cuda12]==0.8.2", "jaxlib==0.8.2", "mujoco==3.9.0", "playground==0.0.5", "onnxruntime>=1.20.1", "tensorflow==2.20.0", "onnx", "tensorboardX"]
TAIL_COMMAND=["/usr/bin/python3", "-m", "pip", "install", "-q", "--no-deps", "tf2onnx==1.17.0"]
TAIL_COMMAND=["/usr/bin/python3", "-m", "pip", "install", "-q", "--no-deps", "-e", "/content/ground_up_tracking_tail_playground"]
TAIL_COMMAND=["/usr/bin/python3", "-c", "import importlib.metadata as md; import jax,jaxlib,mujoco; print(jax.__version__,jaxlib.__version__,mujoco.__version__,md.version('playground')); print(jax.devices()); print('HAS_GPU',any(d.platform=='gpu' for d in jax.devices()))"]
TAIL_DEVICE_CONTRACT=0.8.2 0.8.2 3.9.0 0.0.5
[CudaDevice(id=0)]
HAS_GPU True

TAIL_COMMAND=["/usr/bin/python3", "playground/open_duck_mini_v2/runner.py", "--task", "flat_terrain_backlash", "--env", "joystick", "--output_dir", "/content/ground_up_tracking_tail_outputs/T2_EQUAL", "--num_timesteps", "1000000", "--ppo_seed", "100", "--ppo_num_envs", "256", "--ppo_num_evals", "3", "--ppo_episode_length", "600", "--ppo_unroll_length", "20", "--ppo_batch_size", "256", "--ppo_num_minibatches", "4", "--ppo_num_updates_per_batch", "4", "--ppo_learning_rate", "0.0003", "--ppo_discounting", "0.97", "--ppo_entropy_cost", "0.005", "--policy_architecture", "reference_residual", "--imitation_scale", "1.0", "--reference_feature_table_path", "/content/ground_up_projected_reference_feature_table.npz", "--nominal_reference_bootstrap", "--ground_up_hard_vector_command_support", "--ground_up_command_support_min_x", "0.074", "--ground_up_command_support_max_x", "0.080", "--ground_up_action_velocity_limits_rad_s", "5.24,5.24,1.50,1.50,1.75,5.24,5.24,5.24,5.24,5.24,5.24,1.25,1.00,1.25", "--ground_up_measured_actuator_bridge", "--ground_up_actuator_bridge_delay_ticks", "3,3,3,3,3,3,2,3,3,3,2,3,2,3", "--ground_up_actuator_bridge_tau_s", ".015,.015,.005,.010,.010,.120,.120,.120,.120,.020,.035,.010,.030,.005", "--ground_up_applied_target_observation", "--ground_up_tracking_tail_exceedance_scale", "-6572.254964031055", "--ground_up_tracking_tail_threshold_rad", "0.20", "--reference_start_phase", "0", "--ground_up_signed_progress_objective", "--critic_observation", "privileged_state", "--restore_checkpoint_path", "/content/ground_up_tracking_tail_source/A2_APPLIED_TARGET_STATE/2026_07_14_173159_1003520"]
TAIL_COMMAND=["/usr/bin/python3", "playground/open_duck_mini_v2/runner.py", "--task", "flat_terrain_backlash", "--env", "joystick", "--output_dir", "/content/ground_up_tracking_tail_outputs/T3_FOUR", "--num_timesteps", "1000000", "--ppo_seed", "100", "--ppo_num_envs", "256", "--ppo_num_evals", "3", "--ppo_episode_length", "600", "--ppo_unroll_length", "20", "--ppo_batch_size", "256", "--ppo_num_minibatches", "4", "--ppo_num_updates_per_batch", "4", "--ppo_learning_rate", "0.0003", "--ppo_discounting", "0.97", "--ppo_entropy_cost", "0.005", "--policy_architecture", "reference_residual", "--imitation_scale", "1.0", "--reference_feature_table_path", "/content/ground_up_projected_reference_feature_table.npz", "--nominal_reference_bootstrap", "--ground_up_hard_vector_command_support", "--ground_up_command_support_min_x", "0.074", "--ground_up_command_support_max_x", "0.080", "--ground_up_action_velocity_limits_rad_s", "5.24,5.24,1.50,1.50,1.75,5.24,5.24,5.24,5.24,5.24,5.24,1.25,1.00,1.25", "--ground_up_measured_actuator_bridge", "--ground_up_actuator_bridge_delay_ticks", "3,3,3,3,3,3,2,3,3,3,2,3,2,3", "--ground_up_actuator_bridge_tau_s", ".015,.015,.005,.010,.010,.120,.120,.120,.120,.020,.035,.010,.030,.005", "--ground_up_applied_target_observation", "--ground_up_tracking_tail_exceedance_scale", "-26289.01985612422", "--ground_up_tracking_tail_threshold_rad", "0.20", "--reference_start_phase", "0", "--ground_up_signed_progress_objective", "--critic_observation", "privileged_state", "--restore_checkpoint_path", "/content/ground_up_tracking_tail_source/A2_APPLIED_TARGET_STATE/2026_07_14_173159_1003520"]
GROUND_UP_TRACKING_TAIL_RESULT={"arms": ["T1_QUARTER", "T2_EQUAL", "T3_FOUR"], "artifact": "/content/GROUND_UP_TRACKING_TAIL_artifacts.tar.gz", "artifact_bytes": 24480277, "artifact_sha256": "ae4c631a6ce1c0b36c3231113740acc6c1b8a463c0911ce7cad30b8f8d8ca60f", "status": "PASS_TRAINING_ARTIFACT_CONTRACT_ONLY", "steps": [0, 512000, 1024000], "total_seconds": 1377.369753975}
